#
# There is insufficient memory for the Java Runtime Environment to continue.
# Native memory allocation (malloc) failed to allocate 110416 bytes for Chunk::new
# Possible reasons:
#   The system is out of physical RAM or swap space
#   The process is running with CompressedOops enabled, and the Java Heap may be blocking the growth of the native heap
# Possible solutions:
#   Reduce memory load on the system
#   Increase physical memory or swap space
#   Check if swap backing store is full
#   Decrease Java heap size (-Xmx/-Xms)
#   Decrease number of Java threads
#   Decrease Java thread stack sizes (-Xss)
#   Set larger code cache with -XX:ReservedCodeCacheSize=
#   JVM is running with Zero Based Compressed Oops mode in which the Java heap is
#     placed in the first 32GB address space. The Java Heap base address is the
#     maximum limit for the native heap growth. Please use -XX:HeapBaseMinAddress
#     to set the Java Heap base and to place the Java Heap above 32GB virtual address.
# This output file may be truncated or incomplete.
#
#  Out of Memory Error (arena.cpp:189), pid=20152, tid=30868
#
# JRE version: Java(TM) SE Runtime Environment (17.0.10+11) (build 17.0.10+11-LTS-240)
# Java VM: Java HotSpot(TM) 64-Bit Server VM (17.0.10+11-LTS-240, mixed mode, sharing, tiered, compressed oops, compressed class ptrs, g1 gc, windows-amd64)
# No core dump will be written. Minidumps are not enabled by default on client versions of Windows
#

---------------  S U M M A R Y ------------

Command Line: -Dmaven.multiModuleProjectDirectory=D:\Projects\Spring Boot\breeder_revamp_springboot -Djansi.passthrough=true -Dmaven.home=C:\Users\01025398\.m2\wrapper\dists\apache-maven-3.9.12-bin\5nmfsn99br87k5d4ajlekdq10k\apache-maven-3.9.12 -Dclassworlds.conf=C:\Users\01025398\.m2\wrapper\dists\apache-maven-3.9.12-bin\5nmfsn99br87k5d4ajlekdq10k\apache-maven-3.9.12\bin\m2.conf -Dmaven.ext.class.path=C:\Program Files\JetBrains\IntelliJ IDEA Community Edition 2024.3.5\plugins\maven\lib\maven-event-listener.jar -javaagent:C:\Program Files\JetBrains\IntelliJ IDEA Community Edition 2024.3.5\lib\idea_rt.jar=58578 -Dfile.encoding=UTF-8 -agentpath:C:\Program Files\SentinelOne\Sentinel Agent 25.1.3.334\SentinelJava64.dll=extendedCapabilities org.codehaus.classworlds.Launcher -Didea.version=2024.3.5 install

Host: 13th Gen Intel(R) Core(TM) i5-1335U, 12 cores, 15G,  Windows 11 , 64 bit Build 26100 (10.0.26100.3775)
Time: Sat Aug  8 12:25:00 2026 India Standard Time elapsed time: 9.713248 seconds (0d 0h 0m 9s)

---------------  T H R E A D  ---------------

Current thread (0x00000225d6b87410):  JavaThread "C2 CompilerThread0" daemon [_thread_in_native, id=30868, stack(0x00000035b1500000,0x00000035b1600000)]


Current CompileTask:
C2:   9713  549       4       jdk.internal.jimage.ImageLocation::verify (218 bytes)

Stack: [0x00000035b1500000,0x00000035b1600000]
Native frames: (J=compiled Java code, j=interpreted, Vv=VM code, C=native code)
V  [jvm.dll+0x677a5a]
V  [jvm.dll+0x7d8b2d]
V  [jvm.dll+0x7da48e]
V  [jvm.dll+0x7daaf3]
V  [jvm.dll+0x2455ff]
V  [jvm.dll+0xaaafb]
V  [jvm.dll+0xab09c]
V  [jvm.dll+0x361b5f]
V  [jvm.dll+0x1bae64]
V  [jvm.dll+0x217aa7]
V  [jvm.dll+0x216d81]
V  [jvm.dll+0x1a3410]
V  [jvm.dll+0x226aeb]
V  [jvm.dll+0x224cab]
V  [jvm.dll+0x78e45c]
V  [jvm.dll+0x78888a]
V  [jvm.dll+0x676935]
C  [ucrtbase.dll+0x37b0]
C  [KERNEL32.DLL+0x2e8d7]
C  [ntdll.dll+0xb14fc]


---------------  P R O C E S S  ---------------

Threads class SMR info:
_java_thread_list=0x000002261c198230, length=14, elements={
0x00000225b33734e0, 0x00000225d6b693a0, 0x00000225d6b69880, 0x00000225caafea20,
0x00000225d6b7c920, 0x00000225d6b7ce00, 0x00000225d6b7d2e0, 0x00000225d6b87410,
0x00000225d6b90160, 0x00000225d6b90680, 0x00000225d6c1df90, 0x00000225d6dc54a0,
0x00000225d6d12be0, 0x000002261c210810
}

Java Threads: ( => current thread )
  0x00000225b33734e0 JavaThread "main" [_thread_in_vm, id=6992, stack(0x00000035b0800000,0x00000035b0900000)]
  0x00000225d6b693a0 JavaThread "Reference Handler" daemon [_thread_blocked, id=24780, stack(0x00000035b0f00000,0x00000035b1000000)]
  0x00000225d6b69880 JavaThread "Finalizer" daemon [_thread_blocked, id=28340, stack(0x00000035b1000000,0x00000035b1100000)]
  0x00000225caafea20 JavaThread "Signal Dispatcher" daemon [_thread_blocked, id=6012, stack(0x00000035b1100000,0x00000035b1200000)]
  0x00000225d6b7c920 JavaThread "Attach Listener" daemon [_thread_blocked, id=32716, stack(0x00000035b1200000,0x00000035b1300000)]
  0x00000225d6b7ce00 JavaThread "Service Thread" daemon [_thread_blocked, id=1156, stack(0x00000035b1300000,0x00000035b1400000)]
  0x00000225d6b7d2e0 JavaThread "Monitor Deflation Thread" daemon [_thread_blocked, id=17480, stack(0x00000035b1400000,0x00000035b1500000)]
=>0x00000225d6b87410 JavaThread "C2 CompilerThread0" daemon [_thread_in_native, id=30868, stack(0x00000035b1500000,0x00000035b1600000)]
  0x00000225d6b90160 JavaThread "C1 CompilerThread0" daemon [_thread_in_native, id=23100, stack(0x00000035b1600000,0x00000035b1700000)]
  0x00000225d6b90680 JavaThread "Sweeper thread" daemon [_thread_blocked, id=960, stack(0x00000035b1700000,0x00000035b1800000)]
  0x00000225d6c1df90 JavaThread "Common-Cleaner" daemon [_thread_blocked, id=16060, stack(0x00000035b1800000,0x00000035b1900000)]
  0x00000225d6dc54a0 JavaThread "Monitor Ctrl-Break" daemon [_thread_in_native, id=17648, stack(0x00000035b1a00000,0x00000035b1b00000)]
  0x00000225d6d12be0 JavaThread "Notification Thread" daemon [_thread_blocked, id=10072, stack(0x00000035b1b00000,0x00000035b1c00000)]
  0x000002261c210810 JavaThread "C2 CompilerThread1" daemon [_thread_in_native, id=25356, stack(0x00000035b1900000,0x00000035b1a00000)]

Other Threads:
  0x00000225caaf54a0 VMThread "VM Thread" [stack: 0x00000035b0e00000,0x00000035b0f00000] [id=30040]
  0x00000225b33b6370 WatcherThread [stack: 0x00000035b1c00000,0x00000035b1d00000] [id=22780]
  0x00000225ca940ca0 GCTaskThread "GC Thread#0" [stack: 0x00000035b0900000,0x00000035b0a00000] [id=16416]
  0x00000225b33abb90 ConcurrentGCThread "G1 Main Marker" [stack: 0x00000035b0a00000,0x00000035b0b00000] [id=8020]
  0x00000225b33addf0 ConcurrentGCThread "G1 Conc#0" [stack: 0x00000035b0b00000,0x00000035b0c00000] [id=14060]
  0x00000225caa1f070 ConcurrentGCThread "G1 Refine#0" [stack: 0x00000035b0c00000,0x00000035b0d00000] [id=10060]
  0x00000225caa2a390 ConcurrentGCThread "G1 Service" [stack: 0x00000035b0d00000,0x00000035b0e00000] [id=22180]

Threads with active compile tasks:
C2 CompilerThread0     9762  549       4       jdk.internal.jimage.ImageLocation::verify (218 bytes)
C1 CompilerThread0     9762  579       3       java.net.URLStreamHandler::parseURL (1201 bytes)
C2 CompilerThread1     9762  581       4       java.util.concurrent.ConcurrentHashMap$ValueIterator::next (34 bytes)

VM state: not at safepoint (normal execution)

VM Mutex/Monitor currently owned by a thread: None

Heap address: 0x0000000705000000, size: 4016 MB, Compressed Oops mode: Zero based, Oop shift amount: 3

CDS archive(s) mapped at: [0x00000225d7000000-0x00000225d7bd0000-0x00000225d7bd0000), size 12386304, SharedBaseAddress: 0x00000225d7000000, ArchiveRelocationMode: 1.
Compressed class space mapped at: 0x00000225d8000000-0x0000022618000000, reserved size: 1073741824
Narrow klass base: 0x00000225d7000000, Narrow klass shift: 0, Narrow klass range: 0x100000000

GC Precious Log:
 CPUs: 12 total, 12 available
 Memory: 16057M
 Large Page Support: Disabled
 NUMA Support: Disabled
 Compressed Oops: Enabled (Zero based)
 Heap Region Size: 2M
 Heap Min Capacity: 8M
 Heap Initial Capacity: 252M
 Heap Max Capacity: 4016M
 Pre-touch: Disabled
 Parallel Workers: 10
 Concurrent Workers: 3
 Concurrent Refinement Workers: 10
 Periodic GC: Disabled

Heap:
 garbage-first heap   total 258048K, used 8192K [0x0000000705000000, 0x0000000800000000)
  region size 2048K, 5 young (10240K), 0 survivors (0K)
 Metaspace       used 2122K, committed 2240K, reserved 1114112K
  class space    used 194K, committed 256K, reserved 1048576K

Heap Regions: E=young(eden), S=young(survivor), O=old, HS=humongous(starts), HC=humongous(continues), CS=collection set, F=free, OA=open archive, CA=closed archive, TAMS=top-at-mark-start (previous, next)
|   0|0x0000000705000000, 0x0000000705000000, 0x0000000705200000|  0%| F|  |TAMS 0x0000000705000000, 0x0000000705000000| Untracked 
|   1|0x0000000705200000, 0x0000000705200000, 0x0000000705400000|  0%| F|  |TAMS 0x0000000705200000, 0x0000000705200000| Untracked 
|   2|0x0000000705400000, 0x0000000705400000, 0x0000000705600000|  0%| F|  |TAMS 0x0000000705400000, 0x0000000705400000| Untracked 
|   3|0x0000000705600000, 0x0000000705600000, 0x0000000705800000|  0%| F|  |TAMS 0x0000000705600000, 0x0000000705600000| Untracked 
|   4|0x0000000705800000, 0x0000000705800000, 0x0000000705a00000|  0%| F|  |TAMS 0x0000000705800000, 0x0000000705800000| Untracked 
|   5|0x0000000705a00000, 0x0000000705a00000, 0x0000000705c00000|  0%| F|  |TAMS 0x0000000705a00000, 0x0000000705a00000| Untracked 
|   6|0x0000000705c00000, 0x0000000705c00000, 0x0000000705e00000|  0%| F|  |TAMS 0x0000000705c00000, 0x0000000705c00000| Untracked 
|   7|0x0000000705e00000, 0x0000000705e00000, 0x0000000706000000|  0%| F|  |TAMS 0x0000000705e00000, 0x0000000705e00000| Untracked 
|   8|0x0000000706000000, 0x0000000706000000, 0x0000000706200000|  0%| F|  |TAMS 0x0000000706000000, 0x0000000706000000| Untracked 
|   9|0x0000000706200000, 0x0000000706200000, 0x0000000706400000|  0%| F|  |TAMS 0x0000000706200000, 0x0000000706200000| Untracked 
|  10|0x0000000706400000, 0x0000000706400000, 0x0000000706600000|  0%| F|  |TAMS 0x0000000706400000, 0x0000000706400000| Untracked 
|  11|0x0000000706600000, 0x0000000706600000, 0x0000000706800000|  0%| F|  |TAMS 0x0000000706600000, 0x0000000706600000| Untracked 
|  12|0x0000000706800000, 0x0000000706800000, 0x0000000706a00000|  0%| F|  |TAMS 0x0000000706800000, 0x0000000706800000| Untracked 
|  13|0x0000000706a00000, 0x0000000706a00000, 0x0000000706c00000|  0%| F|  |TAMS 0x0000000706a00000, 0x0000000706a00000| Untracked 
|  14|0x0000000706c00000, 0x0000000706c00000, 0x0000000706e00000|  0%| F|  |TAMS 0x0000000706c00000, 0x0000000706c00000| Untracked 
|  15|0x0000000706e00000, 0x0000000706e00000, 0x0000000707000000|  0%| F|  |TAMS 0x0000000706e00000, 0x0000000706e00000| Untracked 
|  16|0x0000000707000000, 0x0000000707000000, 0x0000000707200000|  0%| F|  |TAMS 0x0000000707000000, 0x0000000707000000| Untracked 
|  17|0x0000000707200000, 0x0000000707200000, 0x0000000707400000|  0%| F|  |TAMS 0x0000000707200000, 0x0000000707200000| Untracked 
|  18|0x0000000707400000, 0x0000000707400000, 0x0000000707600000|  0%| F|  |TAMS 0x0000000707400000, 0x0000000707400000| Untracked 
|  19|0x0000000707600000, 0x0000000707600000, 0x0000000707800000|  0%| F|  |TAMS 0x0000000707600000, 0x0000000707600000| Untracked 
|  20|0x0000000707800000, 0x0000000707800000, 0x0000000707a00000|  0%| F|  |TAMS 0x0000000707800000, 0x0000000707800000| Untracked 
|  21|0x0000000707a00000, 0x0000000707a00000, 0x0000000707c00000|  0%| F|  |TAMS 0x0000000707a00000, 0x0000000707a00000| Untracked 
|  22|0x0000000707c00000, 0x0000000707c00000, 0x0000000707e00000|  0%| F|  |TAMS 0x0000000707c00000, 0x0000000707c00000| Untracked 
|  23|0x0000000707e00000, 0x0000000707e00000, 0x0000000708000000|  0%| F|  |TAMS 0x0000000707e00000, 0x0000000707e00000| Untracked 
|  24|0x0000000708000000, 0x0000000708000000, 0x0000000708200000|  0%| F|  |TAMS 0x0000000708000000, 0x0000000708000000| Untracked 
|  25|0x0000000708200000, 0x0000000708200000, 0x0000000708400000|  0%| F|  |TAMS 0x0000000708200000, 0x0000000708200000| Untracked 
|  26|0x0000000708400000, 0x0000000708400000, 0x0000000708600000|  0%| F|  |TAMS 0x0000000708400000, 0x0000000708400000| Untracked 
|  27|0x0000000708600000, 0x0000000708600000, 0x0000000708800000|  0%| F|  |TAMS 0x0000000708600000, 0x0000000708600000| Untracked 
|  28|0x0000000708800000, 0x0000000708800000, 0x0000000708a00000|  0%| F|  |TAMS 0x0000000708800000, 0x0000000708800000| Untracked 
|  29|0x0000000708a00000, 0x0000000708a00000, 0x0000000708c00000|  0%| F|  |TAMS 0x0000000708a00000, 0x0000000708a00000| Untracked 
|  30|0x0000000708c00000, 0x0000000708c00000, 0x0000000708e00000|  0%| F|  |TAMS 0x0000000708c00000, 0x0000000708c00000| Untracked 
|  31|0x0000000708e00000, 0x0000000708e00000, 0x0000000709000000|  0%| F|  |TAMS 0x0000000708e00000, 0x0000000708e00000| Untracked 
|  32|0x0000000709000000, 0x0000000709000000, 0x0000000709200000|  0%| F|  |TAMS 0x0000000709000000, 0x0000000709000000| Untracked 
|  33|0x0000000709200000, 0x0000000709200000, 0x0000000709400000|  0%| F|  |TAMS 0x0000000709200000, 0x0000000709200000| Untracked 
|  34|0x0000000709400000, 0x0000000709400000, 0x0000000709600000|  0%| F|  |TAMS 0x0000000709400000, 0x0000000709400000| Untracked 
|  35|0x0000000709600000, 0x0000000709600000, 0x0000000709800000|  0%| F|  |TAMS 0x0000000709600000, 0x0000000709600000| Untracked 
|  36|0x0000000709800000, 0x0000000709800000, 0x0000000709a00000|  0%| F|  |TAMS 0x0000000709800000, 0x0000000709800000| Untracked 
|  37|0x0000000709a00000, 0x0000000709a00000, 0x0000000709c00000|  0%| F|  |TAMS 0x0000000709a00000, 0x0000000709a00000| Untracked 
|  38|0x0000000709c00000, 0x0000000709c00000, 0x0000000709e00000|  0%| F|  |TAMS 0x0000000709c00000, 0x0000000709c00000| Untracked 
|  39|0x0000000709e00000, 0x0000000709e00000, 0x000000070a000000|  0%| F|  |TAMS 0x0000000709e00000, 0x0000000709e00000| Untracked 
|  40|0x000000070a000000, 0x000000070a000000, 0x000000070a200000|  0%| F|  |TAMS 0x000000070a000000, 0x000000070a000000| Untracked 
|  41|0x000000070a200000, 0x000000070a200000, 0x000000070a400000|  0%| F|  |TAMS 0x000000070a200000, 0x000000070a200000| Untracked 
|  42|0x000000070a400000, 0x000000070a400000, 0x000000070a600000|  0%| F|  |TAMS 0x000000070a400000, 0x000000070a400000| Untracked 
|  43|0x000000070a600000, 0x000000070a600000, 0x000000070a800000|  0%| F|  |TAMS 0x000000070a600000, 0x000000070a600000| Untracked 
|  44|0x000000070a800000, 0x000000070a800000, 0x000000070aa00000|  0%| F|  |TAMS 0x000000070a800000, 0x000000070a800000| Untracked 
|  45|0x000000070aa00000, 0x000000070aa00000, 0x000000070ac00000|  0%| F|  |TAMS 0x000000070aa00000, 0x000000070aa00000| Untracked 
|  46|0x000000070ac00000, 0x000000070ac00000, 0x000000070ae00000|  0%| F|  |TAMS 0x000000070ac00000, 0x000000070ac00000| Untracked 
|  47|0x000000070ae00000, 0x000000070ae00000, 0x000000070b000000|  0%| F|  |TAMS 0x000000070ae00000, 0x000000070ae00000| Untracked 
|  48|0x000000070b000000, 0x000000070b000000, 0x000000070b200000|  0%| F|  |TAMS 0x000000070b000000, 0x000000070b000000| Untracked 
|  49|0x000000070b200000, 0x000000070b200000, 0x000000070b400000|  0%| F|  |TAMS 0x000000070b200000, 0x000000070b200000| Untracked 
|  50|0x000000070b400000, 0x000000070b400000, 0x000000070b600000|  0%| F|  |TAMS 0x000000070b400000, 0x000000070b400000| Untracked 
|  51|0x000000070b600000, 0x000000070b600000, 0x000000070b800000|  0%| F|  |TAMS 0x000000070b600000, 0x000000070b600000| Untracked 
|  52|0x000000070b800000, 0x000000070b800000, 0x000000070ba00000|  0%| F|  |TAMS 0x000000070b800000, 0x000000070b800000| Untracked 
|  53|0x000000070ba00000, 0x000000070ba00000, 0x000000070bc00000|  0%| F|  |TAMS 0x000000070ba00000, 0x000000070ba00000| Untracked 
|  54|0x000000070bc00000, 0x000000070bc00000, 0x000000070be00000|  0%| F|  |TAMS 0x000000070bc00000, 0x000000070bc00000| Untracked 
|  55|0x000000070be00000, 0x000000070be00000, 0x000000070c000000|  0%| F|  |TAMS 0x000000070be00000, 0x000000070be00000| Untracked 
|  56|0x000000070c000000, 0x000000070c000000, 0x000000070c200000|  0%| F|  |TAMS 0x000000070c000000, 0x000000070c000000| Untracked 
|  57|0x000000070c200000, 0x000000070c200000, 0x000000070c400000|  0%| F|  |TAMS 0x000000070c200000, 0x000000070c200000| Untracked 
|  58|0x000000070c400000, 0x000000070c400000, 0x000000070c600000|  0%| F|  |TAMS 0x000000070c400000, 0x000000070c400000| Untracked 
|  59|0x000000070c600000, 0x000000070c600000, 0x000000070c800000|  0%| F|  |TAMS 0x000000070c600000, 0x000000070c600000| Untracked 
|  60|0x000000070c800000, 0x000000070c800000, 0x000000070ca00000|  0%| F|  |TAMS 0x000000070c800000, 0x000000070c800000| Untracked 
|  61|0x000000070ca00000, 0x000000070ca00000, 0x000000070cc00000|  0%| F|  |TAMS 0x000000070ca00000, 0x000000070ca00000| Untracked 
|  62|0x000000070cc00000, 0x000000070cc00000, 0x000000070ce00000|  0%| F|  |TAMS 0x000000070cc00000, 0x000000070cc00000| Untracked 
|  63|0x000000070ce00000, 0x000000070ce00000, 0x000000070d000000|  0%| F|  |TAMS 0x000000070ce00000, 0x000000070ce00000| Untracked 
|  64|0x000000070d000000, 0x000000070d000000, 0x000000070d200000|  0%| F|  |TAMS 0x000000070d000000, 0x000000070d000000| Untracked 
|  65|0x000000070d200000, 0x000000070d200000, 0x000000070d400000|  0%| F|  |TAMS 0x000000070d200000, 0x000000070d200000| Untracked 
|  66|0x000000070d400000, 0x000000070d400000, 0x000000070d600000|  0%| F|  |TAMS 0x000000070d400000, 0x000000070d400000| Untracked 
|  67|0x000000070d600000, 0x000000070d600000, 0x000000070d800000|  0%| F|  |TAMS 0x000000070d600000, 0x000000070d600000| Untracked 
|  68|0x000000070d800000, 0x000000070d800000, 0x000000070da00000|  0%| F|  |TAMS 0x000000070d800000, 0x000000070d800000| Untracked 
|  69|0x000000070da00000, 0x000000070da00000, 0x000000070dc00000|  0%| F|  |TAMS 0x000000070da00000, 0x000000070da00000| Untracked 
|  70|0x000000070dc00000, 0x000000070dc00000, 0x000000070de00000|  0%| F|  |TAMS 0x000000070dc00000, 0x000000070dc00000| Untracked 
|  71|0x000000070de00000, 0x000000070de00000, 0x000000070e000000|  0%| F|  |TAMS 0x000000070de00000, 0x000000070de00000| Untracked 
|  72|0x000000070e000000, 0x000000070e000000, 0x000000070e200000|  0%| F|  |TAMS 0x000000070e000000, 0x000000070e000000| Untracked 
|  73|0x000000070e200000, 0x000000070e200000, 0x000000070e400000|  0%| F|  |TAMS 0x000000070e200000, 0x000000070e200000| Untracked 
|  74|0x000000070e400000, 0x000000070e400000, 0x000000070e600000|  0%| F|  |TAMS 0x000000070e400000, 0x000000070e400000| Untracked 
|  75|0x000000070e600000, 0x000000070e600000, 0x000000070e800000|  0%| F|  |TAMS 0x000000070e600000, 0x000000070e600000| Untracked 
|  76|0x000000070e800000, 0x000000070e800000, 0x000000070ea00000|  0%| F|  |TAMS 0x000000070e800000, 0x000000070e800000| Untracked 
|  77|0x000000070ea00000, 0x000000070ea00000, 0x000000070ec00000|  0%| F|  |TAMS 0x000000070ea00000, 0x000000070ea00000| Untracked 
|  78|0x000000070ec00000, 0x000000070ec00000, 0x000000070ee00000|  0%| F|  |TAMS 0x000000070ec00000, 0x000000070ec00000| Untracked 
|  79|0x000000070ee00000, 0x000000070ee00000, 0x000000070f000000|  0%| F|  |TAMS 0x000000070ee00000, 0x000000070ee00000| Untracked 
|  80|0x000000070f000000, 0x000000070f000000, 0x000000070f200000|  0%| F|  |TAMS 0x000000070f000000, 0x000000070f000000| Untracked 
|  81|0x000000070f200000, 0x000000070f200000, 0x000000070f400000|  0%| F|  |TAMS 0x000000070f200000, 0x000000070f200000| Untracked 
|  82|0x000000070f400000, 0x000000070f400000, 0x000000070f600000|  0%| F|  |TAMS 0x000000070f400000, 0x000000070f400000| Untracked 
|  83|0x000000070f600000, 0x000000070f600000, 0x000000070f800000|  0%| F|  |TAMS 0x000000070f600000, 0x000000070f600000| Untracked 
|  84|0x000000070f800000, 0x000000070f800000, 0x000000070fa00000|  0%| F|  |TAMS 0x000000070f800000, 0x000000070f800000| Untracked 
|  85|0x000000070fa00000, 0x000000070fa00000, 0x000000070fc00000|  0%| F|  |TAMS 0x000000070fa00000, 0x000000070fa00000| Untracked 
|  86|0x000000070fc00000, 0x000000070fc00000, 0x000000070fe00000|  0%| F|  |TAMS 0x000000070fc00000, 0x000000070fc00000| Untracked 
|  87|0x000000070fe00000, 0x000000070fe00000, 0x0000000710000000|  0%| F|  |TAMS 0x000000070fe00000, 0x000000070fe00000| Untracked 
|  88|0x0000000710000000, 0x0000000710000000, 0x0000000710200000|  0%| F|  |TAMS 0x0000000710000000, 0x0000000710000000| Untracked 
|  89|0x0000000710200000, 0x0000000710200000, 0x0000000710400000|  0%| F|  |TAMS 0x0000000710200000, 0x0000000710200000| Untracked 
|  90|0x0000000710400000, 0x0000000710400000, 0x0000000710600000|  0%| F|  |TAMS 0x0000000710400000, 0x0000000710400000| Untracked 
|  91|0x0000000710600000, 0x0000000710600000, 0x0000000710800000|  0%| F|  |TAMS 0x0000000710600000, 0x0000000710600000| Untracked 
|  92|0x0000000710800000, 0x0000000710800000, 0x0000000710a00000|  0%| F|  |TAMS 0x0000000710800000, 0x0000000710800000| Untracked 
|  93|0x0000000710a00000, 0x0000000710a00000, 0x0000000710c00000|  0%| F|  |TAMS 0x0000000710a00000, 0x0000000710a00000| Untracked 
|  94|0x0000000710c00000, 0x0000000710c00000, 0x0000000710e00000|  0%| F|  |TAMS 0x0000000710c00000, 0x0000000710c00000| Untracked 
|  95|0x0000000710e00000, 0x0000000710e00000, 0x0000000711000000|  0%| F|  |TAMS 0x0000000710e00000, 0x0000000710e00000| Untracked 
|  96|0x0000000711000000, 0x0000000711000000, 0x0000000711200000|  0%| F|  |TAMS 0x0000000711000000, 0x0000000711000000| Untracked 
|  97|0x0000000711200000, 0x0000000711200000, 0x0000000711400000|  0%| F|  |TAMS 0x0000000711200000, 0x0000000711200000| Untracked 
|  98|0x0000000711400000, 0x0000000711400000, 0x0000000711600000|  0%| F|  |TAMS 0x0000000711400000, 0x0000000711400000| Untracked 
|  99|0x0000000711600000, 0x0000000711600000, 0x0000000711800000|  0%| F|  |TAMS 0x0000000711600000, 0x0000000711600000| Untracked 
| 100|0x0000000711800000, 0x0000000711800000, 0x0000000711a00000|  0%| F|  |TAMS 0x0000000711800000, 0x0000000711800000| Untracked 
| 101|0x0000000711a00000, 0x0000000711a00000, 0x0000000711c00000|  0%| F|  |TAMS 0x0000000711a00000, 0x0000000711a00000| Untracked 
| 102|0x0000000711c00000, 0x0000000711c00000, 0x0000000711e00000|  0%| F|  |TAMS 0x0000000711c00000, 0x0000000711c00000| Untracked 
| 103|0x0000000711e00000, 0x0000000711e00000, 0x0000000712000000|  0%| F|  |TAMS 0x0000000711e00000, 0x0000000711e00000| Untracked 
| 104|0x0000000712000000, 0x0000000712000000, 0x0000000712200000|  0%| F|  |TAMS 0x0000000712000000, 0x0000000712000000| Untracked 
| 105|0x0000000712200000, 0x0000000712200000, 0x0000000712400000|  0%| F|  |TAMS 0x0000000712200000, 0x0000000712200000| Untracked 
| 106|0x0000000712400000, 0x0000000712400000, 0x0000000712600000|  0%| F|  |TAMS 0x0000000712400000, 0x0000000712400000| Untracked 
| 107|0x0000000712600000, 0x0000000712600000, 0x0000000712800000|  0%| F|  |TAMS 0x0000000712600000, 0x0000000712600000| Untracked 
| 108|0x0000000712800000, 0x0000000712800000, 0x0000000712a00000|  0%| F|  |TAMS 0x0000000712800000, 0x0000000712800000| Untracked 
| 109|0x0000000712a00000, 0x0000000712a00000, 0x0000000712c00000|  0%| F|  |TAMS 0x0000000712a00000, 0x0000000712a00000| Untracked 
| 110|0x0000000712c00000, 0x0000000712c00000, 0x0000000712e00000|  0%| F|  |TAMS 0x0000000712c00000, 0x0000000712c00000| Untracked 
| 111|0x0000000712e00000, 0x0000000712e00000, 0x0000000713000000|  0%| F|  |TAMS 0x0000000712e00000, 0x0000000712e00000| Untracked 
| 112|0x0000000713000000, 0x0000000713000000, 0x0000000713200000|  0%| F|  |TAMS 0x0000000713000000, 0x0000000713000000| Untracked 
| 113|0x0000000713200000, 0x0000000713200000, 0x0000000713400000|  0%| F|  |TAMS 0x0000000713200000, 0x0000000713200000| Untracked 
| 114|0x0000000713400000, 0x0000000713400000, 0x0000000713600000|  0%| F|  |TAMS 0x0000000713400000, 0x0000000713400000| Untracked 
| 115|0x0000000713600000, 0x0000000713600000, 0x0000000713800000|  0%| F|  |TAMS 0x0000000713600000, 0x0000000713600000| Untracked 
| 116|0x0000000713800000, 0x0000000713800000, 0x0000000713a00000|  0%| F|  |TAMS 0x0000000713800000, 0x0000000713800000| Untracked 
| 117|0x0000000713a00000, 0x0000000713a00000, 0x0000000713c00000|  0%| F|  |TAMS 0x0000000713a00000, 0x0000000713a00000| Untracked 
| 118|0x0000000713c00000, 0x0000000713c00000, 0x0000000713e00000|  0%| F|  |TAMS 0x0000000713c00000, 0x0000000713c00000| Untracked 
| 119|0x0000000713e00000, 0x0000000713e00000, 0x0000000714000000|  0%| F|  |TAMS 0x0000000713e00000, 0x0000000713e00000| Untracked 
| 120|0x0000000714000000, 0x0000000714000000, 0x0000000714200000|  0%| F|  |TAMS 0x0000000714000000, 0x0000000714000000| Untracked 
| 121|0x0000000714200000, 0x0000000714271288, 0x0000000714400000| 22%| E|  |TAMS 0x0000000714200000, 0x0000000714200000| Complete 
| 122|0x0000000714400000, 0x0000000714600000, 0x0000000714600000|100%| E|CS|TAMS 0x0000000714400000, 0x0000000714400000| Complete 
| 123|0x0000000714600000, 0x0000000714800000, 0x0000000714800000|100%| E|CS|TAMS 0x0000000714600000, 0x0000000714600000| Complete 
| 124|0x0000000714800000, 0x0000000714a00000, 0x0000000714a00000|100%| E|CS|TAMS 0x0000000714800000, 0x0000000714800000| Complete 
| 125|0x0000000714a00000, 0x0000000714c00000, 0x0000000714c00000|100%| E|CS|TAMS 0x0000000714a00000, 0x0000000714a00000| Complete 

Card table byte_map: [0x00000225cb2e0000,0x00000225cbac0000] _byte_map_base: 0x00000225c7ab8000

Marking Bits (Prev, Next): (CMBitMap*) 0x00000225b339b760, (CMBitMap*) 0x00000225b339b7a0
 Prev Bits: [0x00000225cc2a0000, 0x00000225d0160000)
 Next Bits: [0x00000225d0160000, 0x00000225d4020000)

Polling page: 0x00000225b1a20000

Metaspace:

Usage:
  Non-class:      1.88 MB used.
      Class:    194.77 KB used.
       Both:      2.07 MB used.

Virtual space:
  Non-class space:       64.00 MB reserved,       1.94 MB (  3%) committed,  1 nodes.
      Class space:        1.00 GB reserved,     256.00 KB ( <1%) committed,  1 nodes.
             Both:        1.06 GB reserved,       2.19 MB ( <1%) committed. 

Chunk freelists:
   Non-Class:  11.38 MB
       Class:  15.66 MB
        Both:  27.04 MB

MaxMetaspaceSize: unlimited
CompressedClassSpaceSize: 1.00 GB
Initial GC threshold: 21.00 MB
Current GC threshold: 21.00 MB
CDS: on
MetaspaceReclaimPolicy: balanced
 - commit_granule_bytes: 65536.
 - commit_granule_words: 8192.
 - virtual_space_node_default_size: 8388608.
 - enlarge_chunks_in_place: 1.
 - new_chunks_are_fully_committed: 0.
 - uncommit_free_chunks: 1.
 - use_allocation_guard: 0.
 - handle_deallocations: 1.


Internal statistics:

num_allocs_failed_limit: 0.
num_arena_births: 24.
num_arena_deaths: 0.
num_vsnodes_births: 2.
num_vsnodes_deaths: 0.
num_space_committed: 35.
num_space_uncommitted: 0.
num_chunks_returned_to_freelist: 0.
num_chunks_taken_from_freelist: 66.
num_chunk_merges: 0.
num_chunk_splits: 40.
num_chunks_enlarged: 31.
num_inconsistent_stats: 0.

CodeHeap 'non-profiled nmethods': size=120000Kb used=204Kb max_used=204Kb free=119795Kb
 bounds [0x00000225c2750000, 0x00000225c29c0000, 0x00000225c9c80000]
CodeHeap 'profiled nmethods': size=120000Kb used=906Kb max_used=906Kb free=119093Kb
 bounds [0x00000225bac80000, 0x00000225baef0000, 0x00000225c21b0000]
CodeHeap 'non-nmethods': size=5760Kb used=1141Kb max_used=1156Kb free=4618Kb
 bounds [0x00000225c21b0000, 0x00000225c2420000, 0x00000225c2750000]
 total_blobs=996 nmethods=577 adapters=332
 compilation: enabled
              stopped_count=0, restarted_count=0
 full_count=0

Compilation events (20 events):
Event: 9.703 Thread 0x00000225d6b90160 nmethod 557 0x00000225bad54410 code [0x00000225bad54640, 0x00000225bad54cd8]
Event: 9.703 Thread 0x00000225d6b90160  559       1       java.util.concurrent.ConcurrentHashMap$MapEntry::getKey (5 bytes)
Event: 9.703 Thread 0x00000225d6b90160 nmethod 559 0x00000225c277fd90 code [0x00000225c277ff20, 0x00000225c277fff8]
Event: 9.703 Thread 0x00000225d6b90160  560       1       java.util.concurrent.ConcurrentHashMap$MapEntry::getValue (5 bytes)
Event: 9.703 Thread 0x00000225d6b90160 nmethod 560 0x00000225c2780090 code [0x00000225c2780220, 0x00000225c27802f8]
Event: 9.703 Thread 0x00000225d6b90160  561       3       jdk.internal.loader.BuiltinClassLoader$2::<init> (15 bytes)
Event: 9.703 Thread 0x00000225d6b90160 nmethod 561 0x00000225bad54f90 code [0x00000225bad55140, 0x00000225bad55378]
Event: 9.703 Thread 0x00000225d6b90160  562   !   3       java.security.AccessController::doPrivileged (22 bytes)
Event: 9.704 Thread 0x00000225d6b90160 nmethod 562 0x00000225bad55410 code [0x00000225bad55600, 0x00000225bad55a88]
Event: 9.704 Thread 0x00000225d6b90160  564       3       java.util.zip.ZipUtils::CENSIZ (9 bytes)
Event: 9.705 Thread 0x00000225d6b90160 nmethod 564 0x00000225bad55d10 code [0x00000225bad55ec0, 0x00000225bad56198]
Event: 9.705 Thread 0x00000225d6b90160  566       3       java.lang.ClassLoader::getResource (41 bytes)
Event: 9.706 Thread 0x00000225d6b90160 nmethod 566 0x00000225bad56310 code [0x00000225bad56500, 0x00000225bad56b18]
Event: 9.706 Thread 0x000002261c210810  554       4       java.lang.StringLatin1::indexOf (121 bytes)
Event: 9.707 Thread 0x00000225d6b90160  567       1       java.lang.NamedPackage::module (5 bytes)
Event: 9.707 Thread 0x00000225d6b90160 nmethod 567 0x00000225c2780390 code [0x00000225c2780520, 0x00000225c27805f8]
Event: 9.707 Thread 0x00000225d6b90160  568       3       java.lang.String::newStringUTF8NoRepl (276 bytes)
Event: 9.708 Thread 0x00000225d6b90160 nmethod 568 0x00000225bad56d10 code [0x00000225bad56fc0, 0x00000225bad57fe8]
Event: 9.708 Thread 0x00000225d6b90160  569       1       java.net.URLStreamHandler::getDefaultPort (2 bytes)
Event: 9.708 Thread 0x00000225d6b90160 nmethod 569 0x00000225c2780690 code [0x00000225c2780820, 0x00000225c27808f8]

GC Heap History (0 events):
No events

Deoptimization events (14 events):
Event: 9.640 Thread 0x00000225b33734e0 DEOPT PACKING pc=0x00000225bacd8bd6 sp=0x00000035b08fcf10
Event: 9.640 Thread 0x00000225b33734e0 DEOPT UNPACKING pc=0x00000225c2202b43 sp=0x00000035b08fc3b0 mode 0
Event: 9.643 Thread 0x000002261c036630 Uncommon trap: trap_request=0xffffff45 fr.pc=0x00000225c2778d6c relative=0x00000000000002cc
Event: 9.643 Thread 0x000002261c036630 Uncommon trap: reason=unstable_if action=reinterpret pc=0x00000225c2778d6c method=java.lang.String.startsWith(Ljava/lang/String;I)Z @ 14 c2
Event: 9.643 Thread 0x000002261c036630 DEOPT PACKING pc=0x00000225c2778d6c sp=0x00000035b1dff060
Event: 9.644 Thread 0x000002261c036630 DEOPT UNPACKING pc=0x00000225c22023a3 sp=0x00000035b1dfefd0 mode 2
Event: 9.653 Thread 0x00000225b33734e0 DEOPT PACKING pc=0x00000225bacf0079 sp=0x00000035b08fd1f0
Event: 9.653 Thread 0x00000225b33734e0 DEOPT UNPACKING pc=0x00000225c2202b43 sp=0x00000035b08fc678 mode 0
Event: 9.662 Thread 0x00000225b33734e0 DEOPT PACKING pc=0x00000225bacc0c54 sp=0x00000035b08fbad0
Event: 9.662 Thread 0x00000225b33734e0 DEOPT UNPACKING pc=0x00000225c2202b43 sp=0x00000035b08fafa0 mode 0
Event: 9.698 Thread 0x00000225b33734e0 Uncommon trap: trap_request=0xffffff6e fr.pc=0x00000225c277a040 relative=0x0000000000000420
Event: 9.698 Thread 0x00000225b33734e0 Uncommon trap: reason=loop_limit_check action=maybe_recompile pc=0x00000225c277a040 method=java.lang.StringLatin1.indexOf([BI[BII)I @ 37 c2
Event: 9.698 Thread 0x00000225b33734e0 DEOPT PACKING pc=0x00000225c277a040 sp=0x00000035b08fd740
Event: 9.698 Thread 0x00000225b33734e0 DEOPT UNPACKING pc=0x00000225c22023a3 sp=0x00000035b08fd6a0 mode 2

Classes unloaded (0 events):
No events

Classes redefined (0 events):
No events

Internal exceptions (12 events):
Event: 9.236 Thread 0x00000225d6dc54a0 Exception <a 'java/lang/NoSuchMethodError'{0x0000000714875948}: 'java.lang.Object java.lang.invoke.DirectMethodHandle$Holder.invokeStaticInit(java.lang.Object)'> (0x0000000714875948) 
thrown [s\open\src\hotspot\share\interpreter\linkResolver.cpp, line 759]
Event: 9.248 Thread 0x00000225d6dc54a0 Exception <a 'java/lang/NoSuchMethodError'{0x00000007148835e0}: 'void java.lang.invoke.DirectMethodHandle$Holder.invokeStatic(java.lang.Object, java.lang.Object)'> (0x00000007148835e0) 
thrown [s\open\src\hotspot\share\interpreter\linkResolver.cpp, line 759]
Event: 9.274 Thread 0x00000225b33734e0 Exception <a 'java/lang/NoSuchMethodError'{0x0000000714913130}: 'int java.lang.invoke.DirectMethodHandle$Holder.invokeSpecial(java.lang.Object, java.lang.Object, java.lang.Object)'> (0x0000000714913130) 
thrown [s\open\src\hotspot\share\interpreter\linkResolver.cpp, line 759]
Event: 9.356 Thread 0x00000225b33734e0 Exception <a 'java/lang/NullPointerException'{0x000000071440ca80}> (0x000000071440ca80) 
thrown [s\open\src\hotspot\share\interpreter\linkResolver.cpp, line 1350]
Event: 9.645 Thread 0x00000225b33734e0 Exception <a 'sun/nio/fs/WindowsException'{0x000000071443bfb8}> (0x000000071443bfb8) 
thrown [s\open\src\hotspot\share\prims\jni.cpp, line 516]
Event: 9.646 Thread 0x00000225b33734e0 Exception <a 'java/io/IOException'{0x000000071443e578}> (0x000000071443e578) 
thrown [s\open\src\hotspot\share\prims\jni.cpp, line 516]
Event: 9.649 Thread 0x00000225b33734e0 Exception <a 'java/lang/UnsatisfiedLinkError'{0x0000000714442b28}: 'int org.fusesource.jansi.internal.CLibrary.isatty(int)'> (0x0000000714442b28) 
thrown [s\open\src\hotspot\share\prims\nativeLookup.cpp, line 543]
Event: 9.656 Thread 0x00000225b33734e0 Exception <a 'java/lang/UnsatisfiedLinkError'{0x00000007144e3fc0}: 'int org.fusesource.jansi.internal.CLibrary.isatty(int)'> (0x00000007144e3fc0) 
thrown [s\open\src\hotspot\share\prims\nativeLookup.cpp, line 543]
Event: 9.680 Thread 0x00000225b33734e0 Exception <a 'java/lang/NoSuchMethodError'{0x00000007145745d0}: 'void java.lang.invoke.DirectMethodHandle$Holder.invokeVirtual(java.lang.Object, java.lang.Object)'> (0x00000007145745d0) 
thrown [s\open\src\hotspot\share\interpreter\linkResolver.cpp, line 759]
Event: 9.685 Thread 0x00000225b33734e0 Exception <a 'java/lang/NoSuchMethodError'{0x0000000714594620}: 'void java.lang.invoke.DirectMethodHandle$Holder.invokeStaticInit(java.lang.Object, java.lang.Object)'> (0x0000000714594620) 
thrown [s\open\src\hotspot\share\interpreter\linkResolver.cpp, line 759]
Event: 9.691 Thread 0x00000225b33734e0 Exception <a 'java/lang/NoSuchMethodError'{0x00000007145b4140}: 'void java.lang.invoke.DirectMethodHandle$Holder.invokeSpecial(java.lang.Object, java.lang.Object, java.lang.Object, java.lang.Object, java.lang.Object)'> (0x00000007145b4140) 
thrown [s\open\src\hotspot\share\interpreter\linkResolver.cpp, line 759]
Event: 9.711 Thread 0x00000225b33734e0 Exception <a 'java/lang/NoSuchMethodError'{0x0000000714212ff8}: 'void java.lang.invoke.DirectMethodHandle$Holder.invokeStatic(java.lang.Object, java.lang.Object, java.lang.Object)'> (0x0000000714212ff8) 
thrown [s\open\src\hotspot\share\interpreter\linkResolver.cpp, line 759]

VM Operations (12 events):
Event: 1.037 Executing VM operation: Cleanup
Event: 1.037 Executing VM operation: Cleanup done
Event: 9.178 Executing VM operation: HandshakeAllThreads
Event: 9.178 Executing VM operation: HandshakeAllThreads done
Event: 9.178 Executing VM operation: Cleanup
Event: 9.178 Executing VM operation: Cleanup done
Event: 9.233 Executing VM operation: HandshakeAllThreads
Event: 9.233 Executing VM operation: HandshakeAllThreads done
Event: 9.355 Executing VM operation: HandshakeAllThreads
Event: 9.355 Executing VM operation: HandshakeAllThreads done
Event: 9.414 Executing VM operation: HandshakeAllThreads
Event: 9.414 Executing VM operation: HandshakeAllThreads done

Events (20 events):
Event: 9.673 loading class java/lang/UnsupportedOperationException done
Event: 9.679 loading class java/util/LinkedHashMap$LinkedValues
Event: 9.679 loading class java/util/LinkedHashMap$LinkedValues done
Event: 9.680 loading class java/util/LinkedHashMap$LinkedValueIterator
Event: 9.680 loading class java/util/LinkedHashMap$LinkedValueIterator done
Event: 9.690 loading class java/util/AbstractList$ListItr
Event: 9.690 loading class java/util/AbstractList$Itr
Event: 9.690 loading class java/util/AbstractList$Itr done
Event: 9.690 loading class java/util/AbstractList$ListItr done
Event: 9.692 loading class java/lang/invoke/DirectMethodHandle$Special
Event: 9.692 loading class java/lang/invoke/DirectMethodHandle$Special done
Event: 9.698 loading class java/util/Collections$UnmodifiableMap$UnmodifiableEntrySet
Event: 9.699 loading class java/util/Collections$UnmodifiableMap$UnmodifiableEntrySet done
Event: 9.699 loading class java/util/Collections$UnmodifiableMap$UnmodifiableEntrySet$1
Event: 9.699 loading class java/util/Collections$UnmodifiableMap$UnmodifiableEntrySet$1 done
Event: 9.699 loading class java/util/Collections$UnmodifiableMap$UnmodifiableEntrySet$UnmodifiableEntry
Event: 9.700 loading class java/util/Collections$UnmodifiableMap$UnmodifiableEntrySet$UnmodifiableEntry done
Event: 9.706 Thread 0x000002261c210810 Thread added: 0x000002261c210810
Event: 9.710 loading class java/util/Stack
Event: 9.710 loading class java/util/Stack done


Dynamic libraries:
0x00007ff6fa5c0000 - 0x00007ff6fa5d0000 	D:\Java\jdk-17\bin\java.exe
0x00000225b1670000 - 0x00000225b18d0000 	C:\Windows\SYSTEM32\ntd1l.dll
0x00000225b18e0000 - 0x00000225b19a7000 	C:\Windows\System32\kern3l32.dll
0x00007ff900980000 - 0x00007ff900be0000 	C:\Windows\SYSTEM32\ntdll.dll
0x00007ff900060000 - 0x00007ff900127000 	C:\Windows\System32\KERNEL32.DLL
0x00007ff8fe020000 - 0x00007ff8fe3ea000 	C:\Windows\System32\KERNELBASE.dll
0x00007ff8fbd10000 - 0x00007ff8fc0eb000 	C:\Program Files\SentinelOne\Sentinel Agent 25.1.3.334\InProcessClient64.dll
0x00007ff8ff310000 - 0x00007ff8ff3c2000 	C:\Windows\System32\ADVAPI32.dll
0x00007ff900240000 - 0x00007ff9002e9000 	C:\Windows\System32\msvcrt.dll
0x00007ff8fbd00000 - 0x00007ff8fbd0b000 	C:\Windows\SYSTEM32\VERSION.dll
0x00007ff8ffd70000 - 0x00007ff8ffe16000 	C:\Windows\System32\sechost.dll
0x00007ff8fe780000 - 0x00007ff8fe896000 	C:\Windows\System32\RPCRT4.dll
0x00007ff8fe4a0000 - 0x00007ff8fe5eb000 	C:\Windows\System32\ucrtbase.dll
0x00007ff8e3710000 - 0x00007ff8e3729000 	D:\Java\jdk-17\bin\jli.dll
0x00007ff8e3650000 - 0x00007ff8e366b000 	D:\Java\jdk-17\bin\VCRUNTIME140.dll
0x00007ff9005a0000 - 0x00007ff90076c000 	C:\Windows\System32\USER32.dll
0x00007ff8fe690000 - 0x00007ff8fe6b7000 	C:\Windows\System32\win32u.dll
0x00007ff8e0cb0000 - 0x00007ff8e0f47000 	C:\Windows\WinSxS\amd64_microsoft.windows.common-controls_6595b64144ccf1df_6.0.26100.3624_none_3e086962e3345f24\COMCTL32.dll
0x00007ff8ff3d0000 - 0x00007ff8ff3fa000 	C:\Windows\System32\GDI32.dll
0x00007ff8fdbf0000 - 0x00007ff8fdd21000 	C:\Windows\System32\gdi32full.dll
0x00007ff8fe3f0000 - 0x00007ff8fe493000 	C:\Windows\System32\msvcp_win.dll
0x00007ff8fbba0000 - 0x00007ff8fbbac000 	C:\Windows\SYSTEM32\FLTLIB.DLL
0x00007ff900450000 - 0x00007ff90047f000 	C:\Windows\System32\IMM32.DLL
0x00007ff8fa180000 - 0x00007ff8fa18c000 	D:\Java\jdk-17\bin\vcruntime140_1.dll
0x00007ff8c7720000 - 0x00007ff8c77ae000 	D:\Java\jdk-17\bin\msvcp140.dll
0x00007ff88b1d0000 - 0x00007ff88bdaf000 	D:\Java\jdk-17\bin\server\jvm.dll
0x00007ff8fe920000 - 0x00007ff8fe928000 	C:\Windows\System32\PSAPI.DLL
0x00007ff8fa0f0000 - 0x00007ff8fa0fa000 	C:\Windows\SYSTEM32\WSOCK32.dll
0x00007ff8fea40000 - 0x00007ff8feab4000 	C:\Windows\System32\WS2_32.dll
0x00007ff8f9d80000 - 0x00007ff8f9db6000 	C:\Windows\SYSTEM32\WINMM.dll
0x00007ff8fca50000 - 0x00007ff8fca6a000 	C:\Windows\SYSTEM32\kernel.appcore.dll
0x00007ff8f2180000 - 0x00007ff8f218a000 	D:\Java\jdk-17\bin\jimage.dll
0x00007ff8fada0000 - 0x00007ff8fafe1000 	C:\Windows\SYSTEM32\DBGHELP.DLL
0x00007ff8fef80000 - 0x00007ff8ff302000 	C:\Windows\System32\combase.dll
0x00007ff900770000 - 0x00007ff900846000 	C:\Windows\System32\OLEAUT32.dll
0x00007ff8f9d40000 - 0x00007ff8f9d79000 	C:\Windows\SYSTEM32\dbgcore.DLL
0x00007ff8fe5f0000 - 0x00007ff8fe689000 	C:\Windows\System32\bcryptPrimitives.dll
0x00007ff8f2020000 - 0x00007ff8f202e000 	D:\Java\jdk-17\bin\instrument.dll
0x00007ff8e31e0000 - 0x00007ff8e3205000 	D:\Java\jdk-17\bin\java.dll
0x00007ff8e8ec0000 - 0x00007ff8e8f5f000 	C:\Program Files\SentinelOne\Sentinel Agent 25.1.3.334\SentinelJava64.dll
0x00007ff8ff490000 - 0x00007ff8ff626000 	C:\Windows\System32\ole32.dll
0x00007ff8b5b80000 - 0x00007ff8b5c57000 	D:\Java\jdk-17\bin\jsvml.dll
0x00007ff8ff640000 - 0x00007ff8ffd69000 	C:\Windows\System32\SHELL32.dll
0x00007ff8fdd30000 - 0x00007ff8fde98000 	C:\Windows\System32\wintypes.dll
0x00007ff8fb1d0000 - 0x00007ff8fba22000 	C:\Windows\SYSTEM32\windows.storage.dll
0x00007ff900850000 - 0x00007ff90093d000 	C:\Windows\System32\SHCORE.dll
0x00007ff900510000 - 0x00007ff900574000 	C:\Windows\System32\shlwapi.dll
0x00007ff8fda70000 - 0x00007ff8fda9f000 	C:\Windows\SYSTEM32\profapi.dll
0x00007ff8e0270000 - 0x00007ff8e0288000 	D:\Java\jdk-17\bin\zip.dll
0x00007ff8e1920000 - 0x00007ff8e1939000 	D:\Java\jdk-17\bin\net.dll
0x00007ff8f5eb0000 - 0x00007ff8f5fcd000 	C:\Windows\SYSTEM32\WINHTTP.dll
0x00007ff8fcf50000 - 0x00007ff8fcfba000 	C:\Windows\system32\mswsock.dll
0x00007ff8e0a10000 - 0x00007ff8e0a26000 	D:\Java\jdk-17\bin\nio.dll
0x00007ff8e9120000 - 0x00007ff8e9130000 	D:\Java\jdk-17\bin\verify.dll

dbghelp: loaded successfully - version: 4.0.5 - missing functions: none
symbol engine: initialized successfully - sym options: 0x614 - pdb path: .;D:\Java\jdk-17\bin;C:\Windows\SYSTEM32;C:\Program Files\SentinelOne\Sentinel Agent 25.1.3.334;C:\Windows\WinSxS\amd64_microsoft.windows.common-controls_6595b64144ccf1df_6.0.26100.3624_none_3e086962e3345f24;D:\Java\jdk-17\bin\server

VM Arguments:
jvm_args: -Dmaven.multiModuleProjectDirectory=D:\Projects\Spring Boot\breeder_revamp_springboot -Djansi.passthrough=true -Dmaven.home=C:\Users\01025398\.m2\wrapper\dists\apache-maven-3.9.12-bin\5nmfsn99br87k5d4ajlekdq10k\apache-maven-3.9.12 -Dclassworlds.conf=C:\Users\01025398\.m2\wrapper\dists\apache-maven-3.9.12-bin\5nmfsn99br87k5d4ajlekdq10k\apache-maven-3.9.12\bin\m2.conf -Dmaven.ext.class.path=C:\Program Files\JetBrains\IntelliJ IDEA Community Edition 2024.3.5\plugins\maven\lib\maven-event-listener.jar -javaagent:C:\Program Files\JetBrains\IntelliJ IDEA Community Edition 2024.3.5\lib\idea_rt.jar=58578 -Dfile.encoding=UTF-8 -agentpath:C:\Program Files\SentinelOne\Sentinel Agent 25.1.3.334\SentinelJava64.dll=extendedCapabilities 
java_command: org.codehaus.classworlds.Launcher -Didea.version=2024.3.5 install
java_class_path (initial): C:\Users\01025398\.m2\wrapper\dists\apache-maven-3.9.12-bin\5nmfsn99br87k5d4ajlekdq10k\apache-maven-3.9.12\boot\plexus-classworlds-2.9.0.jar;C:\Users\01025398\.m2\wrapper\dists\apache-maven-3.9.12-bin\5nmfsn99br87k5d4ajlekdq10k\apache-maven-3.9.12\boot\plexus-classworlds.license
Launcher Type: SUN_STANDARD

[Global flags]
     intx CICompilerCount                          = 4                                         {product} {ergonomic}
     uint ConcGCThreads                            = 3                                         {product} {ergonomic}
     uint G1ConcRefinementThreads                  = 10                                        {product} {ergonomic}
   size_t G1HeapRegionSize                         = 2097152                                   {product} {ergonomic}
    uintx GCDrainStackTargetSize                   = 64                                        {product} {ergonomic}
   size_t InitialHeapSize                          = 264241152                                 {product} {ergonomic}
   size_t MarkStackSize                            = 4194304                                   {product} {ergonomic}
   size_t MaxHeapSize                              = 4211081216                                {product} {ergonomic}
   size_t MaxNewSize                               = 2524971008                                {product} {ergonomic}
   size_t MinHeapDeltaBytes                        = 2097152                                   {product} {ergonomic}
   size_t MinHeapSize                              = 8388608                                   {product} {ergonomic}
    uintx NonNMethodCodeHeapSize                   = 5839372                                {pd product} {ergonomic}
    uintx NonProfiledCodeHeapSize                  = 122909434                              {pd product} {ergonomic}
    uintx ProfiledCodeHeapSize                     = 122909434                              {pd product} {ergonomic}
    uintx ReservedCodeCacheSize                    = 251658240                              {pd product} {ergonomic}
     bool SegmentedCodeCache                       = true                                      {product} {ergonomic}
   size_t SoftMaxHeapSize                          = 4211081216                             {manageable} {ergonomic}
     bool UseCompressedClassPointers               = true                           {product lp64_product} {ergonomic}
     bool UseCompressedOops                        = true                           {product lp64_product} {ergonomic}
     bool UseG1GC                                  = true                                      {product} {ergonomic}
     bool UseLargePagesIndividualAllocation        = false                                  {pd product} {ergonomic}

Logging:
Log output configuration:
 #0: stdout all=warning uptime,level,tags
 #1: stderr all=off uptime,level,tags

Environment Variables:
JAVA_HOME=D:\Java\jdk-17
PATH=D:\app\client\01025398\product\19.0.0\client_1\bin;C:\Program Files (x86)\Common Files\Oracle\Java\javapath;C:\Windows\system32;C:\Windows;C:\Windows\System32\Wbem;C:\Windows\System32\WindowsPowerShell\v1.0\;C:\Windows\System32\OpenSSH\;C:\Program Files\Git\cmd;D:\F\flutter_windows_3.24.5-stable\flutter\bin;D:\F\flutter_windows_3.24.5-stable\flutter\bin\cache\dart-sdk;D:\Java\jdk-17\bin;C:\Program Files\Git\cmd;c:\Users\01025398\AppData\Local\Programs\cursor\resources\app\codeBin;C:\Users\01025398\AppData\Local\Microsoft\WindowsApps;D:\F\flutter_windows_3.24.5-stable\flutter\bin;D:\F\flutter_windows_3.24.5-stable\flutter\bin\cache\dart-sdk;D:\Java\jdk-17\bin;C:\Users\01025398\AppData\Local\Programs\cursor\resources\app\bin
USERNAME=01025398
OS=Windows_NT
PROCESSOR_IDENTIFIER=Intel64 Family 6 Model 186 Stepping 3, GenuineIntel



---------------  S Y S T E M  ---------------

OS:
 Windows 11 , 64 bit Build 26100 (10.0.26100.3775)
OS uptime: 11 days 15:08 hours
Hyper-V role detected

CPU: total 12 (initial active 12) (6 cores per cpu, 2 threads per core) family 6 model 186 stepping 3 microcode 0x4123, cx8, cmov, fxsr, ht, mmx, 3dnowpref, sse, sse2, sse3, ssse3, sse4.1, sse4.2, popcnt, lzcnt, tsc, tscinvbit, avx, avx2, aes, erms, clmul, bmi1, bmi2, adx, sha, fma, vzeroupper, clflush, clflushopt, clwb, hv

Memory: 4k page, system-wide physical 16057M (884M free)
TotalPageFile size 29512M (AvailPageFile size 4M)
current process WorkingSet (physical memory assigned to process): 63M, peak: 63M
current process commit charge ("private bytes"): 356M, peak: 356M

vm_info: Java HotSpot(TM) 64-Bit Server VM (17.0.10+11-LTS-240) for windows-amd64 JRE (17.0.10+11-LTS-240), built on Dec 19 2023 21:47:25 by "mach5one" with MS VC++ 17.1 (VS2022)

END.
